instance not found PE_PE->EP_PKG[R8000]:  Element_ID 3 
instances checked:  871
checks made:  4371
