instance not found O_ATTR->O_ATTR[R103.'succeeds']:  Attr_ID 68 current_state
instances checked:  870
checks made:  4382
