instance not found SM_TXN->SM_STATE[R506]:  Trans_ID 113 
instance not found SM_SEME->SM_STATE[R503]:  SMevt_ID 104 
instance not found SM_MOAH->SM_STATE[R511]:  Act_ID 108 
instances checked:  835
checks made:  4152
