subtype not found from SM_SM across R510:  SM_ID 100 
instance not found SM_MOAH->SM_STATE[R511]:  Act_ID 108 
instances checked:  864
checks made:  4365
