subtype not found from PE_PE across R8001:  Element_ID 50 
instance not found S_BRG->S_EE[R19]:  Brg_ID 51 shutdown
instances checked:  851
checks made:  4253
