subtype not found from SM_AH across R513:  Act_ID 78 
instances checked:  869
checks made:  4383
