subtype not found from O_BATTR across R107:  Attr_ID 96 
instances checked:  867
checks made:  4379
