instance not found S_BPARM->S_BRG[R21]:  BParm_ID 15 year
instances checked:  865
checks made:  4368
