instance not found SM_ISM->O_OBJ[R518]:  SM_ID 100 
instances checked:  870
checks made:  4390
