supertype not found across R_RGO->R_OIR[R203]:  OIR_ID 209 
instance not found R_OIR->O_OBJ[R201]:  OIR_ID 209 
instances checked:  871
checks made:  4382
