instance not found S_ENUM->S_EDT[R27]:  Enum_ID 285 high
supertype not found across S_EDT->S_DT[R17]:  DT_ID  
subtype not found from S_DT across R17:  DT_ID 149 tube_wattage
instances checked:  867
checks made:  4379
