instance not found S_BPARM->S_BPARM[R55.'succeeds']:  BParm_ID 12 minute
instances checked:  870
checks made:  4388
