uniqueness violation in O_ATTR for identifier 1:  Attr_ID 95 BeeperID
instances checked:  869
checks made:  4374
